Flutter crash report.
Please report a bug at https://github.com/flutter/flutter/issues.

## command

flutter test --platform chrome test/booklet_header_screenshot_test.dart

## exception

PathNotFoundException: PathNotFoundException: Deletion failed, path = 'C:\Users\topti\AppData\Local\Temp\flutter_tools.2c0991d8\flutter_web_platform.8066780d' (OS Error: The system cannot find the file specified, errno = 2)

```
#0      _Directory._deleteSync (dart:io/directory_impl.dart:216:7)
#1      FileSystemEntity.deleteSync (dart:io/file_system_entity.dart:425:7)
#2      ForwardingFileSystemEntity.deleteSync (package:file/src/forwarding/forwarding_file_system_entity.dart:70:16)
#3      ErrorHandlingDirectory.deleteSync.<anonymous closure> (package:flutter_tools/src/base/error_handling_io.dart:715:22)
#4      _runSync (package:flutter_tools/src/base/error_handling_io.dart:1116:16)
#5      ErrorHandlingDirectory.deleteSync (package:flutter_tools/src/base/error_handling_io.dart:714:12)
#6      TestGoldenComparator.close (package:flutter_tools/src/test/test_golden_comparator.dart:76:14)
#7      FlutterWebPlatform.close.<anonymous closure> (package:flutter_tools/src/test/flutter_web_platform.dart:672:29)
#8      new Future.sync (dart:async/future.dart:325:27)
#9      AsyncMemoizer.runOnce (package:async/src/async_memoizer.dart:43:45)
#10     FlutterWebPlatform.close (package:flutter_tools/src/test/flutter_web_platform.dart:668:38)
#11     Loader.close.<anonymous closure>.<anonymous closure> (package:test_core/src/runner/loader.dart:323:37)
<asynchronous suspension>
#12     Future.wait.<anonymous closure> (dart:async/future.dart:546:21)
<asynchronous suspension>
#13     Future.wait.<anonymous closure> (dart:async/future.dart:546:21)
<asynchronous suspension>
#14     Loader.close.<anonymous closure> (package:test_core/src/runner/loader.dart:319:5)
<asynchronous suspension>
#15     Runner.close.<anonymous closure> (package:test_core/src/runner.dart:263:5)
<asynchronous suspension>
#16     _execute (package:test_core/src/executable.dart:184:5)
<asynchronous suspension>
#17     main (package:test_core/src/executable.dart:38:3)
<asynchronous suspension>
#18     _DefaultTestWrapper.main (package:flutter_tools/src/test/test_wrapper.dart:31:5)
<asynchronous suspension>
#19     FlutterTestRunner.runTests (package:flutter_tools/src/test/runner.dart:149:7)
<asynchronous suspension>
#20     TestCommand.runCommand (package:flutter_tools/src/commands/test.dart:685:16)
<asynchronous suspension>
#21     FlutterCommand.run.<anonymous closure> (package:flutter_tools/src/runner/flutter_command.dart:1630:27)
<asynchronous suspension>
#22     AppContext.run.<anonymous closure> (package:flutter_tools/src/base/context.dart:154:19)
<asynchronous suspension>
#23     CommandRunner.runCommand (package:args/command_runner.dart:212:13)
<asynchronous suspension>
#24     FlutterCommandRunner.runCommand.<anonymous closure> (package:flutter_tools/src/runner/flutter_command_runner.dart:496:9)
<asynchronous suspension>
#25     AppContext.run.<anonymous closure> (package:flutter_tools/src/base/context.dart:154:19)
<asynchronous suspension>
#26     FlutterCommandRunner.runCommand (package:flutter_tools/src/runner/flutter_command_runner.dart:431:5)
<asynchronous suspension>
#27     FlutterCommandRunner.run.<anonymous closure> (package:flutter_tools/src/runner/flutter_command_runner.dart:307:33)
<asynchronous suspension>
#28     run.<anonymous closure>.<anonymous closure> (package:flutter_tools/runner.dart:104:11)
<asynchronous suspension>
#29     AppContext.run.<anonymous closure> (package:flutter_tools/src/base/context.dart:154:19)
<asynchronous suspension>
#30     main (package:flutter_tools/executable.dart:103:3)
<asynchronous suspension>
```

## flutter doctor

```
[✓] Flutter (Channel stable, 3.44.8, on Microsoft Windows [Version 10.0.26200.9457], locale en-GB) [971ms]
    • Flutter version 3.44.8 on channel stable at C:\Users\topti\Develop\flutter
    • Upstream repository https://github.com/flutter/flutter.git
    • Framework revision 058e0af2c2 (8 weeks ago), 2026-07-23 10:56:21 -0700
    • Engine revision 0cd610717b
    • Dart version 3.12.2
    • DevTools version 2.57.0
    • Feature flags: enable-web, enable-linux-desktop, enable-macos-desktop, enable-windows-desktop, enable-android, enable-ios, cli-animations, enable-native-assets, enable-swift-package-manager, omit-legacy-version-file, enable-lldb-debugging, enable-uiscene-migration

[✓] Windows Version (Windows 11 or higher, 25H2, 2009) [2.7s]

[✓] Android toolchain - develop for Android devices (Android SDK version 36.1.0) [4.9s]
    • Android SDK at C:\Users\topti\AppData\Local\Android\sdk
    • Emulator version 36.5.11.0 (build_id 15261927) (CL:N/A)
    • Platform android-36.1, build-tools 36.1.0
    • Java binary at: C:\Program Files\Android\Android Studio\jbr\bin\java
      This is the JDK bundled with the latest Android Studio installation on this machine.
      To manually set the JDK path, use: `flutter config --jdk-dir="path/to/jdk"`.
    • Java version OpenJDK Runtime Environment (build 21.0.10+-14961533-b1163.108)
    • All Android licenses accepted.

[✓] Chrome - develop for the web [441ms]
    • Chrome at C:\Program Files\Google\Chrome\Application\chrome.exe

[!] Visual Studio - develop Windows apps (Visual Studio Community 2022 17.2.5) [440ms]
    • Visual Studio at C:\Program Files\Microsoft Visual Studio\2022\Community
    • Visual Studio Community 2022 version 17.2.32616.157
    ✗ Visual Studio is missing necessary components. Please re-run the Visual Studio installer for the "Desktop development with C++" workload, and include these components:
        MSVC v142 - VS 2019 C++ x64/x86 build tools
         - If there are multiple build tool versions available, install the latest
        C++ CMake tools for Windows
        Windows 10 SDK

[✓] Connected device (3 available) [1,007ms]
    • Windows (desktop) • windows • windows-x64    • Microsoft Windows [Version 10.0.26200.9457]
    • Chrome (web)      • chrome  • web-javascript • Google Chrome 153.0.8010.36
    • Edge (web)        • edge    • web-javascript • Microsoft Edge 153.0.4234.32

[✓] Network resources [903ms]
    • All expected network resources are available.

! Doctor found issues in 1 category.
```
