2026-09-06 11:17:41 | === Starting round-number recomputation (all seasons) ===
2026-09-06 11:17:42 | 670 divisions loaded
2026-09-06 11:18:07 | 66246 fixtures loaded
2026-09-06 11:22:32 |   ! patch failed for Counties 4 Tribute Ale Somerset South (2025-2026) -> Round 24: 409 {"code":"23505","details":"Key (division_id, home_team, away_team, round_num)=(5ef939c3-1fd8-4448-823d-8c0aecf2b8a3, Somerton, Bridgwater & Albion III
2026-09-06 11:23:13 |   ! patch failed for Counties 3 Hampshire (2025-2026) -> Round 7: 409 {"code":"23505","details":"Key (division_id, home_team, away_team, round_num)=(10f169cd-3d4f-42b8-b247-deddc6206ab2, Ventnor, Alton, Round 7) already 
2026-09-06 11:23:14 |   ! patch failed for Counties 3 Hampshire (2025-2026) -> Round 18: 409 {"code":"23505","details":"Key (division_id, home_team, away_team, round_num)=(10f169cd-3d4f-42b8-b247-deddc6206ab2, Ventnor, Alton, Round 18) already
2026-09-06 11:25:55 | [100/670] divisions processed, 63 touched so far, 6165 fixtures updated so far
2026-09-06 11:26:24 |   ! patch failed for Counties 3 Midlands East (North East) (2025-2026) -> Round 19: 409 {"code":"23505","details":"Key (division_id, home_team, away_team, round_num)=(36799678-15db-4bfd-bba2-08e603ac7466, Skegness, North Hykeham, Round 19
2026-09-06 11:26:25 |   ! patch failed for Counties 3 Midlands East (North East) (2025-2026) -> Round 8: 409 {"code":"23505","details":"Key (division_id, home_team, away_team, round_num)=(36799678-15db-4bfd-bba2-08e603ac7466, Skegness, North Hykeham, Round 8)
2026-09-06 11:27:33 |   ! patch failed for Counties 4 Midlands East (North West) (2025-2026) -> Round 19: 409 {"code":"23505","details":"Key (division_id, home_team, away_team, round_num)=(9d5fa9ca-1f8f-44f9-beb0-b06cc0628b21, East Retford, Meden Vale, Round 1
2026-09-06 11:27:40 |   ! patch failed for Counties 4 Midlands East (North West) (2025-2026) -> Round 6: 409 {"code":"23505","details":"Key (division_id, home_team, away_team, round_num)=(9d5fa9ca-1f8f-44f9-beb0-b06cc0628b21, East Retford, Meden Vale, Round 6
2026-09-06 11:28:31 |   ! patch failed for Counties 4 Yorkshire South (2025-2026) -> Round 7: 409 {"code":"23505","details":"Key (division_id, home_team, away_team, round_num)=(88eddce0-9179-480f-83d5-73ff7e8dbd82, Hessle, Maltby, Round 7) already 
2026-09-06 11:28:36 |   ! patch failed for Counties 4 Yorkshire South (2025-2026) -> Round 18: 409 {"code":"23505","details":"Key (division_id, home_team, away_team, round_num)=(88eddce0-9179-480f-83d5-73ff7e8dbd82, Hessle, Maltby, Round 18) already
2026-09-06 11:28:52 | [125/670] divisions processed, 84 touched so far, 8350 fixtures updated so far
2026-09-06 11:29:59 |   ! patch failed for Counties 1 Cumbria (2025-2026) -> Round 5: 409 {"code":"23505","details":"Key (division_id, home_team, away_team, round_num)=(5087337b-03d5-4322-92ad-976c72fc2d2e, Cockermouth, Egremont, Round 5) a
2026-09-06 11:30:16 |   ! patch failed for Counties 3 Yorkshire (2025-2026) -> Round 7: 409 {"code":"23505","details":"Key (division_id, home_team, away_team, round_num)=(bed33e30-fa8d-49d4-8c4e-26a1689363ab, Wheatley Hills, Castleford, Round
2026-09-06 11:30:20 |   ! patch failed for Counties 3 Yorkshire (2025-2026) -> Round 19: 409 {"code":"23505","details":"Key (division_id, home_team, away_team, round_num)=(bed33e30-fa8d-49d4-8c4e-26a1689363ab, Wheatley Hills, Castleford, Round
2026-09-06 11:30:37 |   ! patch failed for Counties 4 Yorkshire North (2025-2026) -> Round 26: 409 {"code":"23505","details":"Key (division_id, home_team, away_team, round_num)=(1d5820ff-de7d-42bf-aa5e-d6e90cfffcdb, Aireborough, Nestle Rowntree, Rou
2026-09-06 11:30:40 |   ! patch failed for Counties 4 Yorkshire North (2025-2026) -> Round 4: 409 {"code":"23505","details":"Key (division_id, home_team, away_team, round_num)=(1d5820ff-de7d-42bf-aa5e-d6e90cfffcdb, Aireborough, Nestle Rowntree, Rou
2026-09-06 11:30:41 | [150/670] divisions processed, 101 touched so far, 9917 fixtures updated so far
2026-09-06 11:33:39 |   ! patch failed for Counties 4 Tribute Somerset South (2024-2025) -> Round 1: 409 {"code":"23505","details":"Key (division_id, home_team, away_team, round_num)=(b38cd015-4932-420d-a00a-c8653044a7e6, Wiveliscombe II, Bridgwater & Alb
2026-09-06 11:34:03 | [175/670] divisions processed, 125 touched so far, 12496 fixtures updated so far
2026-09-06 11:36:46 |   ! patch failed for Counties 3 Midlands West (East) (2024-2025) -> Round 19: 409 {"code":"23505","details":"Key (division_id, home_team, away_team, round_num)=(5f485102-436c-4f67-bd93-ff81707d132c, Lutterworth II, Old Saltleians II
2026-09-06 11:36:50 |   ! patch failed for Counties 3 Midlands West (East) (2024-2025) -> Round 8: 409 {"code":"23505","details":"Key (division_id, home_team, away_team, round_num)=(5f485102-436c-4f67-bd93-ff81707d132c, Lutterworth II, Old Saltleians II
2026-09-06 11:37:12 | [200/670] divisions processed, 148 touched so far, 15136 fixtures updated so far
2026-09-06 11:39:29 | [225/670] divisions processed, 166 touched so far, 17107 fixtures updated so far
2026-09-06 11:43:46 | [250/670] divisions processed, 191 touched so far, 19904 fixtures updated so far
2026-09-06 11:45:06 |   ! patch failed for Counties 3 Yorkshire (2024-2025) -> Round 24: 409 {"code":"23505","details":"Key (division_id, home_team, away_team, round_num)=(5ae646e9-38eb-45f6-99b6-a7cb90409022, Leeds Corinthians, Thirsk, Round 
2026-09-06 11:45:12 |   ! patch failed for Counties 3 Yorkshire (2024-2025) -> Round 1: 409 {"code":"23505","details":"Key (division_id, home_team, away_team, round_num)=(5ae646e9-38eb-45f6-99b6-a7cb90409022, Leeds Corinthians, Thirsk, Round 
2026-09-06 11:45:15 |   ! patch failed for Counties 4 Yorkshire North (2024-2025) -> Round 20: 409 {"code":"23505","details":"Key (division_id, home_team, away_team, round_num)=(80141b3b-9474-463a-9255-f1bb438d639c, Aireborough, Leeds Modernians, Ro
2026-09-06 11:45:20 |   ! patch failed for Counties 4 Yorkshire North (2024-2025) -> Round 4: 409 {"code":"23505","details":"Key (division_id, home_team, away_team, round_num)=(80141b3b-9474-463a-9255-f1bb438d639c, Aireborough, Leeds Modernians, Ro
2026-09-06 11:45:23 |   ! patch failed for Counties 4 Yorkshire South (2024-2025) -> Round 5: 409 {"code":"23505","details":"Key (division_id, home_team, away_team, round_num)=(2dc7a070-a601-4f51-a0f9-af36001dc337, Wortley, Hessle, Round 5) already
2026-09-06 11:45:26 |   ! patch failed for Counties 4 Yorkshire South (2024-2025) -> Round 18: 409 {"code":"23505","details":"Key (division_id, home_team, away_team, round_num)=(2dc7a070-a601-4f51-a0f9-af36001dc337, Maltby, Stocksbridge, Round 18) a
2026-09-06 11:46:16 | [275/670] divisions processed, 209 touched so far, 21803 fixtures updated so far
2026-09-06 11:47:28 |   ! patch failed for Counties 2 Tribute Ale Berks/Bucks & Oxon West (2025-2026) -> Round 1: 409 {"code":"23505","details":"Key (division_id, home_team, away_team, round_num)=(bc978058-92ae-42f0-903f-6ccbd1503a68, Banbury II, Newbury II, Round 1) 
2026-09-06 11:47:31 |   ! patch failed for Counties 2 Tribute Ale Berks/Bucks & Oxon West (2025-2026) -> Round 25: 409 {"code":"23505","details":"Key (division_id, home_team, away_team, round_num)=(bc978058-92ae-42f0-903f-6ccbd1503a68, Banbury II, Newbury II, Round 25)
2026-09-06 11:47:32 | [325/670] divisions processed, 221 touched so far, 22830 fixtures updated so far
2026-09-06 11:47:58 |   ! patch failed for Counties 4 Tribute Ale Berks Bucks & Oxon South (2025-2026) -> Round 16: 409 {"code":"23505","details":"Key (division_id, home_team, away_team, round_num)=(0946ee71-4cff-4f67-8d55-f269e4179b45, Bracknell IV, Windsor III, Round 
2026-09-06 11:48:00 |   ! patch failed for Counties 4 Tribute Ale Berks Bucks & Oxon South (2025-2026) -> Round 2: 409 {"code":"23505","details":"Key (division_id, home_team, away_team, round_num)=(0946ee71-4cff-4f67-8d55-f269e4179b45, Bracknell IV, Windsor III, Round 
2026-09-06 11:49:43 |   ! patch failed for Counties 3 Durham & Northumberland (2025-2026) -> Round 20: 409 {"code":"23505","details":"Key (division_id, home_team, away_team, round_num)=(2689b88e-1677-43cf-9a98-27920466c29f, Whitby, Wallsend, Round 20) alrea
2026-09-06 11:49:43 |   ! patch failed for Counties 3 Durham & Northumberland (2025-2026) -> Round 23: 409 {"code":"23505","details":"Key (division_id, home_team, away_team, round_num)=(2689b88e-1677-43cf-9a98-27920466c29f, Gosforth, Whitby, Round 23) alrea
2026-09-06 11:49:47 |   ! patch failed for Counties 3 Durham & Northumberland (2025-2026) -> Round 8: 409 {"code":"23505","details":"Key (division_id, home_team, away_team, round_num)=(2689b88e-1677-43cf-9a98-27920466c29f, Whitby, Wallsend, Round 8) alread
2026-09-06 11:49:50 |   ! patch failed for Counties 3 Durham & Northumberland (2025-2026) -> Round 5: 409 {"code":"23505","details":"Key (division_id, home_team, away_team, round_num)=(2689b88e-1677-43cf-9a98-27920466c29f, Gosforth, Whitby, Round 5) alread
2026-09-06 11:52:57 | [375/670] divisions processed, 258 touched so far, 26758 fixtures updated so far
2026-09-06 11:54:31 |   ! patch failed for Tribute Dorset & Wilts 2 Central (2021-2022) -> Round 20: 409 {"code":"23505","details":"Key (division_id, home_team, away_team, round_num)=(baa42010-90f1-4faf-b649-90c64ed6d445, Combe Down II, Salisbury III, Rou
2026-09-06 11:54:36 |   ! patch failed for Tribute Dorset & Wilts 2 Central (2021-2022) -> Round 1: 409 {"code":"23505","details":"Key (division_id, home_team, away_team, round_num)=(baa42010-90f1-4faf-b649-90c64ed6d445, Combe Down II, Salisbury III, Rou
2026-09-06 11:56:26 | [400/670] divisions processed, 281 touched so far, 29374 fixtures updated so far
2026-09-06 11:57:09 |   ! patch failed for Greene King IPA Eastern Counties 1 Plate (2021-2022) -> Round 1: 409 {"code":"23505","details":"Key (division_id, home_team, away_team, round_num)=(4629057c-96fb-4222-8765-4d6339e5bd80, Lowestoft & Yarmouth, Stowmarket 
2026-09-06 11:57:09 |   ! patch failed for Greene King IPA Eastern Counties 1 Plate (2021-2022) -> Round 8: 409 {"code":"23505","details":"Key (division_id, home_team, away_team, round_num)=(4629057c-96fb-4222-8765-4d6339e5bd80, Shelford III, Diss II, Round 8) a
2026-09-06 11:57:10 |   ! patch failed for Greene King IPA Eastern Counties 1 Plate (2021-2022) -> Round 2: 409 {"code":"23505","details":"Key (division_id, home_team, away_team, round_num)=(4629057c-96fb-4222-8765-4d6339e5bd80, Shelford III, Diss II, Round 2) a
2026-09-06 11:57:10 |   ! patch failed for Greene King IPA Eastern Counties 1 Plate (2021-2022) -> Round 9: 409 {"code":"23505","details":"Key (division_id, home_team, away_team, round_num)=(4629057c-96fb-4222-8765-4d6339e5bd80, Lowestoft & Yarmouth, Stowmarket 
2026-09-06 11:57:13 |   ! patch failed for Greene King IPA Eastern Counties 1 Shield (2021-2022) -> Round 7: 409 {"code":"23505","details":"Key (division_id, home_team, away_team, round_num)=(97c97810-fe3a-4c09-a5fe-67c1079bae61, Ipswich II, Wymondham II, Round 7
2026-09-06 11:57:14 |   ! patch failed for Greene King IPA Eastern Counties 1 Shield (2021-2022) -> Round 3: 409 {"code":"23505","details":"Key (division_id, home_team, away_team, round_num)=(97c97810-fe3a-4c09-a5fe-67c1079bae61, Ipswich II, Wymondham II, Round 3
2026-09-06 11:57:14 |   ! patch failed for Greene King IPA Eastern Counties 1 Shield (2021-2022) -> Round 2: 409 {"code":"23505","details":"Key (division_id, home_team, away_team, round_num)=(97c97810-fe3a-4c09-a5fe-67c1079bae61, North Walsham II, Sudbury II, Rou
2026-09-06 11:57:15 |   ! patch failed for Greene King IPA Eastern Counties 1 Shield (2021-2022) -> Round 8: 409 {"code":"23505","details":"Key (division_id, home_team, away_team, round_num)=(97c97810-fe3a-4c09-a5fe-67c1079bae61, Cottenham Renegades, Ipswich II, 
2026-09-06 11:57:22 |   ! patch failed for Greene King IPA Eastern Counties 1 South (Salver) (2021-2022) -> Round 7: 409 {"code":"23505","details":"Key (division_id, home_team, away_team, round_num)=(8e118d89-8c08-42bc-a35f-d867e93da1f7, Colchester III, Hadleigh, Round 7
2026-09-06 11:57:22 |   ! patch failed for Greene King IPA Eastern Counties 1 South (Salver) (2021-2022) -> Round 2: 409 {"code":"23505","details":"Key (division_id, home_team, away_team, round_num)=(8e118d89-8c08-42bc-a35f-d867e93da1f7, Colchester III, Hadleigh, Round 2
2026-09-06 11:57:23 |   ! patch failed for Greene King IPA Eastern Counties 1 West (Salver) (2021-2022) -> Round 5: 409 {"code":"23505","details":"Key (division_id, home_team, away_team, round_num)=(4e3360f2-93cc-4886-b53a-ab031b7a6b47, Haverhill & District, Mildenhall 
2026-09-06 11:57:25 |   ! patch failed for Greene King IPA Eastern Counties 1 West (Salver) (2021-2022) -> Round 3: 409 {"code":"23505","details":"Key (division_id, home_team, away_team, round_num)=(4e3360f2-93cc-4886-b53a-ab031b7a6b47, Haverhill & District, Mildenhall 
2026-09-06 11:58:35 | [425/670] divisions processed, 303 touched so far, 30690 fixtures updated so far
2026-09-06 12:02:10 |   ! patch failed for Midlands 5 West (South) (2021-2022) -> Round 20: 409 {"code":"23505","details":"Key (division_id, home_team, away_team, round_num)=(03812098-5a5b-4030-8468-6f7dfd0abee0, Greyhound, Atherstone, Round 20) 
2026-09-06 12:02:16 |   ! patch failed for Midlands 5 West (South) (2021-2022) -> Round 8: 409 {"code":"23505","details":"Key (division_id, home_team, away_team, round_num)=(03812098-5a5b-4030-8468-6f7dfd0abee0, Greyhound, Atherstone, Round 8) a
2026-09-06 12:03:10 | [450/670] divisions processed, 328 touched so far, 33765 fixtures updated so far
2026-09-06 12:03:36 |   ! patch failed for Durham/Northumberland Three North (2021-2022) -> Round 5: 409 {"code":"23505","details":"Key (division_id, home_team, away_team, round_num)=(4874e550-4979-4788-94db-05dd326cbba3, Jarrovians, West End, Round 5) al
2026-09-06 12:03:37 |   ! patch failed for Durham/Northumberland Three North (2021-2022) -> Round 21: 409 {"code":"23505","details":"Key (division_id, home_team, away_team, round_num)=(4874e550-4979-4788-94db-05dd326cbba3, Prudhoe & Stocksfield, Gosforth, 
2026-09-06 12:03:42 |   ! patch failed for Durham/Northumberland Three South (2021-2022) -> Round 17: 409 {"code":"23505","details":"Key (division_id, home_team, away_team, round_num)=(6b2d7fc1-f3e0-4dfd-b6a6-7bea8995d30a, Houghton, Seaton Carew, Round 17)
2026-09-06 12:03:45 |   ! patch failed for Durham/Northumberland Three South (2021-2022) -> Round 18: 409 {"code":"23505","details":"Key (division_id, home_team, away_team, round_num)=(6b2d7fc1-f3e0-4dfd-b6a6-7bea8995d30a, Seaton Carew, DMP Elizabethans, R
2026-09-06 12:03:46 |   ! patch failed for Durham/Northumberland Three South (2021-2022) -> Round 5: 409 {"code":"23505","details":"Key (division_id, home_team, away_team, round_num)=(6b2d7fc1-f3e0-4dfd-b6a6-7bea8995d30a, Houghton, Seaton Carew, Round 5) 
2026-09-06 12:03:47 |   ! patch failed for Durham/Northumberland Three South (2021-2022) -> Round 4: 409 {"code":"23505","details":"Key (division_id, home_team, away_team, round_num)=(6b2d7fc1-f3e0-4dfd-b6a6-7bea8995d30a, Seaton Carew, DMP Elizabethans, R
2026-09-06 12:04:52 |   ! patch failed for The Championship (2021-2022) -> Round 26: 409 {"code":"23505","details":"Key (division_id, home_team, away_team, round_num)=(16d51596-ec74-47f7-b54e-cde9915f9933, Hartpury University, BYE, Round 2
2026-09-06 12:06:07 | [475/670] divisions processed, 348 touched so far, 35804 fixtures updated so far
2026-09-06 12:08:14 |   ! patch failed for Counties 4 Tribute Gloucestershire South (2022-2023) -> Round 21: 409 {"code":"23505","details":"Key (division_id, home_team, away_team, round_num)=(c4eeb50d-bc63-4d28-b139-a376b7cff5df, Dings Crusaders III, Thornbury II
2026-09-06 12:08:34 |   ! patch failed for Counties 3 Tribute Somerset North (2022-2023) -> Round 10: 409 {"code":"23505","details":"Key (division_id, home_team, away_team, round_num)=(a023f17d-2ea2-4f9d-96e0-c2edc0b8b529, Gordano II, Stothert & Pitt, Roun
2026-09-06 12:08:37 |   ! patch failed for Counties 3 Tribute Somerset North (2022-2023) -> Round 20: 409 {"code":"23505","details":"Key (division_id, home_team, away_team, round_num)=(a023f17d-2ea2-4f9d-96e0-c2edc0b8b529, Gordano II, Stothert & Pitt, Roun
2026-09-06 12:09:36 |   ! patch failed for Counties 3 Tribute Berks Bucks & Oxon South (2022-2023) -> Round 16: 409 {"code":"23505","details":"Key (division_id, home_team, away_team, round_num)=(ab87e403-6c94-4e65-be19-1fad427c55bf, Marlow II, High Wycombe II, Round
2026-09-06 12:09:37 |   ! patch failed for Counties 3 Tribute Berks Bucks & Oxon South (2022-2023) -> Round 7: 409 {"code":"23505","details":"Key (division_id, home_team, away_team, round_num)=(ab87e403-6c94-4e65-be19-1fad427c55bf, Marlow II, High Wycombe II, Round
2026-09-06 12:10:05 |   ! patch failed for Counties 3 Tribute Dorset & Wilts Central (2022-2023) -> Round 17: 409 {"code":"23505","details":"Key (division_id, home_team, away_team, round_num)=(89ffdac9-a900-4b41-be5e-8f0909bd31f3, Combe Down II, Corsham II, Round 
2026-09-06 12:10:09 |   ! patch failed for Counties 3 Tribute Dorset & Wilts Central (2022-2023) -> Round 9: 409 {"code":"23505","details":"Key (division_id, home_team, away_team, round_num)=(89ffdac9-a900-4b41-be5e-8f0909bd31f3, Combe Down II, Corsham II, Round 
2026-09-06 12:10:21 |   ! patch failed for Counties 3 Tribute Dorset & Wilts South (2022-2023) -> Round 14: 409 {"code":"23505","details":"Key (division_id, home_team, away_team, round_num)=(9ddb0f77-feda-4cb5-837e-1e09dfd17147, Dorchester II, Poole, Round 14) a
2026-09-06 12:10:25 |   ! patch failed for Counties 3 Tribute Dorset & Wilts South (2022-2023) -> Round 3: 409 {"code":"23505","details":"Key (division_id, home_team, away_team, round_num)=(9ddb0f77-feda-4cb5-837e-1e09dfd17147, Dorchester II, Poole, Round 3) al
2026-09-06 12:13:24 |   ! patch failed for Counties 3 Hampshire (2022-2023) -> Round 9: 409 {"code":"23505","details":"Key (division_id, home_team, away_team, round_num)=(d93fab03-f518-4aa8-9022-1fc467fb9a1d, Overton, Gosport & Fareham II, Ro
2026-09-06 12:13:26 |   ! patch failed for Counties 3 Hampshire (2022-2023) -> Round 20: 409 {"code":"23505","details":"Key (division_id, home_team, away_team, round_num)=(d93fab03-f518-4aa8-9022-1fc467fb9a1d, Overton, Gosport & Fareham II, Ro
2026-09-06 12:14:18 |   ! patch failed for Counties 3 Surrey (2022-2023) -> Round 21: 409 {"code":"23505","details":"Key (division_id, home_team, away_team, round_num)=(22c0ebc5-8af4-4238-bda8-d7326b5afb59, Old Caterhamians, Economicals, Ro
2026-09-06 12:14:22 |   ! patch failed for Counties 3 Surrey (2022-2023) -> Round 1: 409 {"code":"23505","details":"Key (division_id, home_team, away_team, round_num)=(22c0ebc5-8af4-4238-bda8-d7326b5afb59, Old Caterhamians, Economicals, Ro
2026-09-06 12:14:24 |   ! patch failed for Counties 4 Surrey (2022-2023) -> Round 16: 409 {"code":"23505","details":"Key (division_id, home_team, away_team, round_num)=(71de4de8-796b-4d68-acad-8a703f849731, Bec Old Boys, Old Suttonians, Rou
2026-09-06 12:14:30 |   ! patch failed for Counties 4 Surrey (2022-2023) -> Round 6: 409 {"code":"23505","details":"Key (division_id, home_team, away_team, round_num)=(71de4de8-796b-4d68-acad-8a703f849731, Bec Old Boys, Old Suttonians, Rou
2026-09-06 12:15:23 | [550/670] divisions processed, 413 touched so far, 41942 fixtures updated so far
2026-09-06 12:16:32 |   ! patch failed for Counties 3 Midlands East (N) East (2022-2023) -> Round 18: 409 {"code":"23505","details":"Key (division_id, home_team, away_team, round_num)=(a49a1d9b-9e50-4538-8e23-053b6669d9ba, Meden Vale, Nottinghamians, Round
2026-09-06 12:16:36 |   ! patch failed for Counties 3 Midlands East (N) East (2022-2023) -> Round 9: 409 {"code":"23505","details":"Key (division_id, home_team, away_team, round_num)=(a49a1d9b-9e50-4538-8e23-053b6669d9ba, Meden Vale, Nottinghamians, Round
2026-09-06 12:18:23 | [575/670] divisions processed, 435 touched so far, 44396 fixtures updated so far
2026-09-06 12:21:31 |   ! patch failed for Counties 2 Eastern Counties (2023-2024) -> Round 26: 409 {"code":"23505","details":"Key (division_id, home_team, away_team, round_num)=(218067e9-b038-4834-91b9-7587b5f0b640, Sudbury II, Cottenham Renegades, 
2026-09-06 12:21:35 |   ! patch failed for Counties 2 Eastern Counties (2023-2024) -> Round 1: 409 {"code":"23505","details":"Key (division_id, home_team, away_team, round_num)=(218067e9-b038-4834-91b9-7587b5f0b640, Sudbury II, Cottenham Renegades, 
2026-09-06 12:21:36 | [600/670] divisions processed, 457 touched so far, 47154 fixtures updated so far
2026-09-06 12:23:19 |   ! patch failed for Counties 2 Surrey (2023-2024) -> Round 19: 409 {"code":"23505","details":"Key (division_id, home_team, away_team, round_num)=(ba6752ea-4378-414b-a566-8c87601acd8b, Old Haileyburians, Old Freemens, 
2026-09-06 12:23:21 |   ! patch failed for Counties 2 Surrey (2023-2024) -> Round 8: 409 {"code":"23505","details":"Key (division_id, home_team, away_team, round_num)=(ba6752ea-4378-414b-a566-8c87601acd8b, Old Haileyburians, Old Freemens, 
2026-09-06 12:23:33 |   ! patch failed for Counties 4 Surrey (2023-2024) -> Round 21: 409 {"code":"23505","details":"Key (division_id, home_team, away_team, round_num)=(2fbb76b6-4140-467e-9eee-53fb07af1df3, Cranleigh, Staines, Round 21) alr
2026-09-06 12:23:38 |   ! patch failed for Counties 4 Surrey (2023-2024) -> Round 1: 409 {"code":"23505","details":"Key (division_id, home_team, away_team, round_num)=(2fbb76b6-4140-467e-9eee-53fb07af1df3, Cranleigh, Staines, Round 1) alre
2026-09-06 12:24:40 | [625/670] divisions processed, 479 touched so far, 49405 fixtures updated so far
2026-09-06 12:25:57 |   ! patch failed for Counties 3 Midlands West (North) (2023-2024) -> Round 20: 409 {"code":"23505","details":"Key (division_id, home_team, away_team, round_num)=(12619a28-1257-4b95-8550-b686d3ad6a9d, Trentham, Ludlow II, Round 20) al
2026-09-06 12:25:59 |   ! patch failed for Counties 3 Midlands West (North) (2023-2024) -> Round 8: 409 {"code":"23505","details":"Key (division_id, home_team, away_team, round_num)=(12619a28-1257-4b95-8550-b686d3ad6a9d, Trentham, Ludlow II, Round 8) alr
2026-09-06 12:28:23 | [650/670] divisions processed, 501 touched so far, 52076 fixtures updated so far
2026-09-06 12:29:06 |   ! patch failed for Counties 3 Yorkshire (2023-2024) -> Round 26: 409 {"code":"23505","details":"Key (division_id, home_team, away_team, round_num)=(7b7fdc45-1df5-466a-a4fb-5dc15219426e, Castleford, Sheffield Medicals, R
2026-09-06 12:29:09 |   ! patch failed for Counties 3 Yorkshire (2023-2024) -> Round 1: 409 {"code":"23505","details":"Key (division_id, home_team, away_team, round_num)=(7b7fdc45-1df5-466a-a4fb-5dc15219426e, Castleford, Sheffield Medicals, R
2026-09-06 12:30:03 | === Done. Divisions touched=515 (failures=39), fixtures updated=53276, PATCH batches=11612 ===
