2026-09-03 14:59:25 | === Starting stale-fixture resync ===
2026-09-03 14:59:26 | 670 divisions loaded
2026-09-03 14:59:54 | 66246 fixtures loaded
2026-09-03 14:59:55 | 405 divisions have at least one stale fixture (3319 rows total)
2026-09-03 15:00:02 | [1/405] Counties 3 Tribute Gloucestershire South (2022-2023) -> updated=4/19
2026-09-03 15:00:09 | [2/405] Midlands 4 West (North) (2021-2022) -> updated=1/14
2026-09-03 15:00:09 | === Starting stale-fixture resync ===
2026-09-03 15:00:09 | 670 divisions loaded
2026-09-03 15:00:15 | [3/405] Counties 4 Midlands West (South) (2022-2023) -> updated=1/10
2026-09-03 15:00:21 | [4/405] Tribute Southern Counties South (2021-2022) -> updated=1/8
2026-09-03 15:00:27 | [5/405] Counties 3 Midlands East (Central) (2023-2024) -> updated=1/6
2026-09-03 15:00:36 | 66246 fixtures loaded
2026-09-03 15:00:37 | 405 divisions have at least one stale fixture (3313 rows total)
2026-09-03 15:00:40 | [7/405] Counties 3 Tribute Somerset North (2022-2023) -> updated=5/25
2026-09-03 15:00:45 | [3/405] Tribute Southern Counties South (2021-2022) -> updated=1/8
2026-09-03 15:00:47 | [4/405] Counties 3 Midlands East (Central) (2023-2024) -> updated=1/6
2026-09-03 15:00:53 | [6/405] Counties 3 Tribute Somerset North (2022-2023) -> updated=5/25
2026-09-03 15:00:59 | [10/405] Counties 4 Yorkshire (2022-2023) -> updated=2/18
2026-09-03 15:01:01 | [9/405] Counties 4 Yorkshire (2022-2023) -> updated=2/18
2026-09-03 15:01:06 | [11/405] Counties 4 Midlands West (South) (2023-2024) -> updated=2/9
2026-09-03 15:01:06 | [10/405] Counties 4 Midlands West (South) (2023-2024) -> updated=2/9
2026-09-03 15:01:18 | [13/405] Counties 2 Tribute Berks/Bucks & Oxon North (2024-2025) -> updated=2/7
2026-09-03 15:01:18 | [12/405] Counties 2 Tribute Berks/Bucks & Oxon North (2024-2025) -> updated=2/7
2026-09-03 15:01:30 | [15/405] Counties 4 Tribute Gloucestershire North (2022-2023) -> updated=2/14
2026-09-03 15:01:30 | [14/405] Counties 4 Tribute Gloucestershire North (2022-2023) -> updated=2/14
2026-09-03 15:01:37 | [16/405] Counties 1 Midlands West (North) (2022-2023) -> updated=3/7
2026-09-03 15:01:37 | [15/405] Counties 1 Midlands West (North) (2022-2023) -> updated=3/7
2026-09-03 15:01:42 | [17/405] Counties 4 Tribute Somerset North (2022-2023) -> updated=2/11
2026-09-03 15:01:42 | [16/405] Counties 4 Tribute Somerset North (2022-2023) -> updated=2/11
2026-09-03 15:01:55 | [18/405] Counties 3 adm Lancashire & Cheshire (2024-2025) -> updated=2/45
2026-09-03 15:01:55 | [19/405] Counties 3 adm Lancashire & Cheshire (2024-2025) -> updated=2/45
2026-09-03 15:02:01 | [19/405] Tribute Southern Counties North (2021-2022) -> updated=1/4
2026-09-03 15:02:01 | [20/405] Tribute Southern Counties North (2021-2022) -> updated=1/4
2026-09-03 15:02:08 | [21/405] Counties 1 Tribute Western West (2024-2025) -> updated=1/4
2026-09-03 15:02:08 | [20/405] Counties 1 Tribute Western West (2024-2025) -> updated=1/4
2026-09-03 15:02:13 | [22/405] Counties 3 Tribute Ale Dorset & Wilts Central (2025-2026) -> updated=1/5
2026-09-03 15:02:13 | [21/405] Counties 3 Tribute Ale Dorset & Wilts Central (2025-2026) -> updated=1/5
2026-09-03 15:02:26 | [24/405] Tribute Cornwall/Devon (2021-2022) -> updated=2/12
2026-09-03 15:02:26 | [23/405] Tribute Cornwall/Devon (2021-2022) -> updated=2/12
2026-09-03 15:02:32 | [25/405] Counties 2 Tribute Ale Somerset (2025-2026) -> updated=1/8
2026-09-03 15:02:32 | [24/405] Counties 2 Tribute Ale Somerset (2025-2026) -> updated=1/8
2026-09-03 15:02:37 | [25/405] Tribute Cornwall 2 (2021-2022) -> updated=1/6
2026-09-03 15:02:37 | [26/405] Tribute Cornwall 2 (2021-2022) -> updated=1/6
2026-09-03 15:03:00 | [30/405] Tribute Devon 1 (2021-2022) -> updated=5/14
2026-09-03 15:03:00 | [29/405] Tribute Devon 1 (2021-2022) -> updated=5/14
2026-09-03 15:03:06 | [30/405] Tribute Gloucester Premier (2021-2022) -> updated=1/12
2026-09-03 15:03:06 | [31/405] Tribute Gloucester Premier (2021-2022) -> updated=1/12
2026-09-03 15:03:13 | [31/405] Tribute Somerset Premier (2021-2022) -> updated=1/21
2026-09-03 15:03:13 | [32/405] Tribute Somerset Premier (2021-2022) -> updated=1/21
2026-09-03 15:03:19 | [33/405] Counties 2 Kent (2025-2026) -> updated=1/2
2026-09-03 15:03:19 | [32/405] Counties 2 Kent (2025-2026) -> updated=1/2
2026-09-03 15:03:35 | [35/405] Counties 3 Tribute Berks Bucks & Oxon South (2022-2023) -> updated=1/17
2026-09-03 15:03:35 | [36/405] Counties 3 Tribute Berks Bucks & Oxon South (2022-2023) -> updated=1/17
2026-09-03 15:03:52 | [39/405] Tribute Gloucestershire 1 South (2021-2022) -> updated=3/17
2026-09-03 15:03:58 | [40/405] Counties 4 Tribute Berks Bucks & Oxon North (2022-2023) -> updated=1/12
2026-09-03 15:05:44 | === Starting stale-fixture resync ===
2026-09-03 15:05:44 | 670 divisions loaded
2026-09-03 15:06:10 | 66246 fixtures loaded
2026-09-03 15:06:11 | 405 divisions have at least one stale fixture (3271 rows total)
2026-09-03 15:06:21 | [1/405] Counties 3 Tribute Gloucestershire South (2022-2023) -> updated=14/15
2026-09-03 15:06:27 | [2/405] Counties 4 Midlands West (South) (2022-2023) -> updated=9/9
2026-09-03 15:06:32 | [3/405] Tribute Southern Counties South (2021-2022) -> updated=7/7
2026-09-03 15:06:35 | [4/405] London 3 North West (2021-2022) -> updated=1/1
2026-09-03 15:06:44 | [5/405] Counties 3 Tribute Somerset North (2022-2023) -> updated=20/20
2026-09-03 15:06:48 | [6/405] Tribute South West 1 East (2021-2022) -> updated=4/5
2026-09-03 15:06:56 | [7/405] Counties 3 Midlands West (South) (2022-2023) -> updated=16/16
2026-09-03 15:07:03 | [8/405] Counties 4 Yorkshire (2022-2023) -> updated=14/16
2026-09-03 15:07:08 | [9/405] Counties 4 Midlands West (South) (2023-2024) -> updated=7/7
2026-09-03 15:07:13 | [10/405] Yorkshire Four NW (2021-2022) -> updated=9/9
2026-09-03 15:07:17 | [11/405] Tribute South West 1 West (2021-2022) -> updated=4/4
2026-09-03 15:07:25 | [12/405] Counties 4 Tribute Gloucestershire North (2022-2023) -> updated=12/12
2026-09-03 15:07:29 | [13/405] Counties 1 Midlands West (North) (2022-2023) -> updated=4/4
2026-09-03 15:07:34 | [14/405] Counties 4 Tribute Somerset North (2022-2023) -> updated=9/9
2026-09-03 15:07:37 | [15/405] Counties 1 Herts/Middx (2024-2025) -> updated=3/3
2026-09-03 15:07:40 | [16/405] Counties 3 adm Lancashire & Cheshire (2024-2025) -> updated=2/43
2026-09-03 15:07:44 | [17/405] Tribute Southern Counties North (2021-2022) -> updated=3/3
2026-09-03 15:07:47 | [18/405] Counties 1 Tribute Western West (2024-2025) -> updated=3/3
2026-09-03 15:07:50 | [19/405] Counties 3 Tribute Ale Dorset & Wilts Central (2025-2026) -> updated=3/4
2026-09-03 15:07:54 | [20/405] Tribute Western Counties West (2021-2022) -> updated=3/3
2026-09-03 15:07:59 | [21/405] Tribute Cornwall/Devon (2021-2022) -> updated=10/10
2026-09-03 15:08:04 | [22/405] Counties 2 Tribute Ale Somerset (2025-2026) -> updated=6/7
2026-09-03 15:08:08 | [23/405] Tribute Cornwall 2 (2021-2022) -> updated=5/5
2026-09-03 15:08:11 | [24/405] Counties 2 Essex (South) (2023-2024) -> updated=3/3
2026-09-03 15:08:16 | [25/405] Counties 2 Essex (2024-2025) -> updated=9/9
2026-09-03 15:08:20 | [26/405] Tribute Cornwall 1 (2021-2022) -> updated=3/3
2026-09-03 15:08:25 | [27/405] Tribute Devon 1 (2021-2022) -> updated=9/9
2026-09-03 15:08:31 | [28/405] Tribute Gloucester Premier (2021-2022) -> updated=11/11
2026-09-03 15:08:40 | [29/405] Tribute Somerset Premier (2021-2022) -> updated=20/20
2026-09-03 15:08:43 | [30/405] Counties 2 Kent (2025-2026) -> updated=1/1
2026-09-03 15:08:47 | [31/405] Counties 2 Kent (2023-2024) -> updated=5/5
2026-09-03 15:08:52 | [32/405] Tribute Gloucestershire 1 North (2021-2022) -> updated=8/8
2026-09-03 15:08:59 | [33/405] Counties 3 Tribute Berks Bucks & Oxon South (2022-2023) -> updated=16/16
2026-09-03 15:09:05 | [34/405] Kent 2 (2021-2022) -> updated=10/10
2026-09-03 15:09:10 | [35/405] Counties 4 Yorkshire North (2024-2025) -> updated=9/9
2026-09-03 15:09:17 | [36/405] Tribute Gloucestershire 1 South (2021-2022) -> updated=14/14
2026-09-03 15:09:23 | [37/405] Counties 4 Tribute Berks Bucks & Oxon North (2022-2023) -> updated=11/11
2026-09-03 15:09:29 | [38/405] Counties 4 Kent (2023-2024) -> updated=9/9
2026-09-03 15:09:43 | [39/405] Tribute Dorset & Wilts 2 Central (2021-2022) -> updated=14/14
2026-09-03 15:10:00 | [40/405] Tribute Gloucestershire 2 North (2021-2022) -> updated=29/29
2026-09-03 15:10:07 | [41/405] Counties 2 Kent (2024-2025) -> updated=3/3
2026-09-03 15:10:17 | [42/405] Tribute Gloucestershire 2 South (2021-2022) -> updated=12/12
2026-09-03 15:10:26 | [43/405] Counties 1 Cumbria (2023-2024) -> updated=13/13
2026-09-03 15:10:40 | [44/405] Tribute Somerset 2 South (2021-2022) -> updated=21/21
2026-09-03 15:10:40 |   ! got status=403 len=919 on attempt 1, backing off 45.0s
2026-09-03 15:11:25 |   ! got status=403 len=919 on attempt 2, backing off 45.0s
2026-09-03 15:12:16 | [45/405] Tribute Somerset 3 South (2021-2022) -> updated=5/5
2026-09-03 15:12:21 | [46/405] Tribute Somerset 3 North (2021-2022) -> updated=2/2
2026-09-03 15:12:29 | [47/405] North One West (2021-2022) -> updated=10/11
2026-09-03 15:12:38 | [48/405] Counties 1 Cumbria (2025-2026) -> updated=11/11
2026-09-03 15:12:44 | [49/405] Yorkshire Four Premier (2021-2022) -> updated=5/5
2026-09-03 15:12:52 | [50/405] Tribute Berks/Bucks & Oxon Premier (2021-2022) -> updated=9/9
2026-09-03 15:13:00 | [51/405] Tribute Berks/Bucks & Oxon 1 (2021-2022) -> updated=9/9
2026-09-03 15:13:08 | [52/405] Tribute Berks/Bucks & Oxon 2 North (2021-2022) -> updated=7/7
2026-09-03 15:13:17 | [53/405] Tribute Berks/Bucks & Oxon 3 North (2021-2022) -> updated=15/15
2026-09-03 15:13:28 | [54/405] Counties 2 Eastern Counties (2022-2023) -> updated=17/17
2026-09-03 15:13:32 | [55/405] Tribute Berks/Bucks & Oxon 3 South (2021-2022) -> updated=5/5
2026-09-03 15:13:41 | [56/405] Tribute Dorset & Wilts 1 North (2021-2022) -> updated=10/10
2026-09-03 15:13:48 | [57/405] Tribute Dorset & Wilts 1 South (2021-2022) -> updated=7/7
2026-09-03 15:14:00 | [58/405] Midlands 4 West (South) (2021-2022) -> updated=19/19
2026-09-03 15:14:08 | [59/405] Tribute Dorset & Wilts 2 North (2021-2022) -> updated=8/8
2026-09-03 15:14:17 | [60/405] Tribute Dorset & Wilts 2 South (2021-2022) -> updated=12/12
2026-09-03 15:14:22 | [61/405] Counties 2 Midlands West (East) (2023-2024) -> updated=8/8
2026-09-03 15:14:31 | [62/405] National League 2 North (2021-2022) -> updated=3/3
2026-09-03 15:14:38 | [63/405] Regional 2 South East (2022-2023) -> updated=5/5
2026-09-03 15:14:46 | [64/405] London & SE Premier (2021-2022) -> updated=6/6
2026-09-03 15:14:54 | [65/405] Counties 3 Midlands East (North West) (2025-2026) -> updated=8/9
2026-09-03 15:15:02 | [66/405] Counties 3 Durham & Northumberland (2025-2026) -> updated=11/12
2026-09-03 15:15:10 | [67/405] Counties 2 Midlands West (East) (2024-2025) -> updated=7/7
2026-09-03 15:15:19 | [68/405] Counties 1 Surrey/Sussex (2023-2024) -> updated=10/10
2026-09-03 15:15:27 | [69/405] London 1 North (2021-2022) -> updated=7/7
2026-09-03 15:15:38 | [70/405] Counties 3 Durham & Northumberland (2024-2025) -> updated=18/18
2026-09-03 15:15:47 | [71/405] Midlands 3 East (South) (2021-2022) -> updated=10/10
2026-09-03 15:15:54 | [72/405] Kent 1 (2021-2022) -> updated=7/7
2026-09-03 15:16:02 | [73/405] London 2 North East (2021-2022) -> updated=10/10
2026-09-03 15:16:11 | [74/405] Counties 5 Kent (2025-2026) -> updated=9/9
2026-09-03 15:16:17 | [75/405] London 2 North West (2021-2022) -> updated=1/1
2026-09-03 15:16:29 | [76/405] Counties 3 Tribute Somerset South (2022-2023) -> updated=20/20
2026-09-03 15:16:38 | [77/405] Counties 2 Hampshire (2022-2023) -> updated=9/9
2026-09-03 15:16:46 | [78/405] Counties 3 Tribute Somerset South (2024-2025) -> updated=6/6
2026-09-03 15:16:52 | [79/405] London 2 South East (2021-2022) -> updated=2/2
2026-09-03 15:16:59 | [80/405] London 2 South West (2021-2022) -> updated=5/5
2026-09-03 15:17:06 | [81/405] London 3 Eastern Counties (2021-2022) -> updated=9/9
2026-09-03 15:17:14 | [82/405] Greene King IPA Eastern Counties 1 Plate (2021-2022) -> updated=8/8
2026-09-03 15:17:22 | [83/405] Counties 2 Herts/Middx (2022-2023) -> updated=7/7
2026-09-03 15:17:30 | [84/405] Counties 2 Midlands East (North) (2024-2025) -> updated=9/9
2026-09-03 15:17:37 | [85/405] London 3 Essex (2021-2022) -> updated=4/4
2026-09-03 15:17:45 | [86/405] Counties 2 Midlands East (North) (2025-2026) -> updated=11/11
2026-09-03 15:17:54 | [87/405] Counties 2 adm Lancashire & Cheshire (2022-2023) -> updated=11/12
2026-09-03 15:18:02 | [88/405] Counties 1 Middx (2025-2026) -> updated=9/9
2026-09-03 15:18:08 | [89/405] Greene King IPA Eastern Counties 1 South (2021-2022) -> updated=7/7
2026-09-03 15:18:18 | [90/405] Counties 2 Tribute Gloucestershire North (2022-2023) -> updated=15/16
2026-09-03 15:18:25 | [91/405] Counties 2 Midlands East (North) (2023-2024) -> updated=3/3
2026-09-03 15:18:33 | [92/405] Counties 1 Hampshire (2022-2023) -> updated=5/6
2026-09-03 15:18:40 | [93/405] Counties 4 Midlands West (South) (2025-2026) -> updated=8/8
2026-09-03 15:18:46 | [94/405] Greene King IPA Eastern Counties 1 Shield (2021-2022) -> updated=6/6
2026-09-03 15:18:51 | [95/405] Greene King IPA Eastern Counties 1 West (Salver) (2021-2022) -> updated=1/2
2026-09-03 15:19:00 | [96/405] Essex 1 (2021-2022) -> updated=15/15
2026-09-03 15:19:05 | [97/405] Greene King IPA Eastern Counties 1 North (Salver) (2021-2022) -> updated=2/2
2026-09-03 15:19:13 | [98/405] Hampshire Premier (2021-2022) -> updated=6/6
2026-09-03 15:19:18 | [99/405] Counties 2 Herts (2025-2026) -> updated=1/1
2026-09-03 15:19:23 | [100/405] Hampshire 1 (2021-2022) -> updated=3/3
2026-09-03 15:19:28 | [101/405] Herts/Middlesex 1 (2021-2022) -> updated=6/6
2026-09-03 15:19:35 | [102/405] Harvey’s Brewery Sussex 1 (2021-2022) -> updated=9/9
2026-09-03 15:19:47 | [103/405] Counties 4 adm Lancashire & Cheshire (2022-2023) -> updated=24/24
2026-09-03 15:19:55 | [104/405] Herts/Middlesex 2 (2021-2022) -> updated=8/8
2026-09-03 15:19:59 | [105/405] Herts/Middx League Trophy (2021-2022) -> updated=2/2
2026-09-03 15:20:04 | [106/405] Herts/Middx 2 Plate (2021-2022) -> updated=1/1
2026-09-03 15:20:11 | [107/405] Midlands 4 East (N) East (2021-2022) -> updated=6/6
2026-09-03 15:20:20 | [108/405] Counties 2 Tribute Gloucestershire South (2022-2023) -> updated=12/13
2026-09-03 15:20:28 | [109/405] Regional 2 Midlands North (2023-2024) -> updated=3/3
2026-09-03 15:20:34 | [110/405] Surrey 1 (2021-2022) -> updated=3/3
2026-09-03 15:20:42 | [111/405] Midlands 4 East (South) (2021-2022) -> updated=8/8
2026-09-03 15:20:51 | [112/405] Surrey 2 (2021-2022) -> updated=9/9
2026-09-03 15:21:00 | [113/405] Counties 3 Midlands East (North East) (2025-2026) -> updated=11/12
2026-09-03 15:21:06 | [114/405] Counties 3 Midlands East (South) (2023-2024) -> updated=6/6
2026-09-03 15:21:17 | [115/405] Counties 3 Midlands East (South) (2024-2025) -> updated=15/15
2026-09-03 15:21:25 | [116/405] Surrey 3 (2021-2022) -> updated=10/10
2026-09-03 15:21:32 | [117/405] Counties 2 adm Lancashire & Cheshire (2023-2024) -> updated=3/3
2026-09-03 15:21:42 | [118/405] Surrey 4 (2021-2022) -> updated=16/16
2026-09-03 15:21:50 | [119/405] Counties 4 Hampshire (2025-2026) -> updated=7/7
2026-09-03 15:21:57 | [120/405] Counties 4 Hampshire (2024-2025) -> updated=5/5
2026-09-03 15:22:03 | [121/405] Counties 2 Tribute Ale Dorset & Wilts South (2025-2026) -> updated=6/6
2026-09-03 15:22:12 | [122/405] Counties 2 Tribute Gloucestershire North (2024-2025) -> updated=8/36
2026-09-03 15:22:20 | [123/405] Counties 3 Tribute Ale Gloucestershire North (2025-2026) -> updated=12/12
2026-09-03 15:22:28 | [124/405] Midlands 1 West (2021-2022) -> updated=6/6
2026-09-03 15:22:34 | [125/405] C3HM Shield (2022-2023) -> updated=4/4
2026-09-03 15:22:40 | [126/405] Counties 2 adm Lancashire & Cheshire (2024-2025) -> updated=4/4
2026-09-03 15:22:47 | [127/405] Midlands 1 East (2021-2022) -> updated=1/1
2026-09-03 15:22:56 | [128/405] Counties 3 Midlands East (North) (2023-2024) -> updated=10/10
2026-09-03 15:23:03 | [129/405] Midlands 2 West (North) (2021-2022) -> updated=4/4
2026-09-03 15:23:10 | [130/405] Counties 1 Kent (2025-2026) -> updated=4/4
2026-09-03 15:23:16 | [131/405] Counties 3 Tribute Ale Dorset & Wilts North (2025-2026) -> updated=6/6
2026-09-03 15:23:35 | [132/405] Yorkshire Three (2021-2022) -> updated=34/34
2026-09-03 15:23:42 | [133/405] Counties 1 Tribute Southern North (2022-2023) -> updated=7/8
2026-09-03 15:23:51 | [134/405] Counties 3 Tribute Somerset North (2024-2025) -> updated=12/12
2026-09-03 15:23:58 | [135/405] Midlands 2 West (South) (2021-2022) -> updated=5/5
2026-09-03 15:24:04 | [136/405] Midlands 2 East (North) (2021-2022) -> updated=3/3
2026-09-03 15:24:11 | [137/405] Midlands 2 East (South) (2021-2022) -> updated=5/5
2026-09-03 15:24:18 | [138/405] Counties 2 Herts/Middx (2024-2025) -> updated=9/9
2026-09-03 15:24:25 | [139/405] Counties 2 Tribute Dorset & Wilts Central (2024-2025) -> updated=8/8
2026-09-03 15:24:34 | [140/405] Midlands 3 West (North) (2021-2022) -> updated=9/9
2026-09-03 15:24:44 | [141/405] Midlands 3 West (South) (2021-2022) -> updated=17/17
2026-09-03 15:24:54 | [142/405] North Two West (2021-2022) -> updated=14/36
2026-09-03 15:25:02 | [143/405] Counties 4 Tribute Somerset South (2022-2023) -> updated=10/10
2026-09-03 15:25:09 | [144/405] Midlands 3 East (North) (2021-2022) -> updated=4/4
2026-09-03 15:25:16 | [145/405] Counties 1 adm Lancashire & Cheshire (2023-2024) -> updated=3/3
2026-09-03 15:25:25 | [146/405] Midlands 4 West (North) (2021-2022) -> updated=13/13
2026-09-03 15:25:34 | [147/405] Counties 4 Tribute Ale Somerset North (2025-2026) -> updated=14/18
2026-09-03 15:25:44 | [148/405] Counties 3 Yorkshire (2022-2023) -> updated=7/8
2026-09-03 15:25:53 | [149/405] Yorkshire Two (2021-2022) -> updated=7/7
2026-09-03 15:26:01 | [150/405] Midlands 4 East (N) West (2021-2022) -> updated=13/13
2026-09-03 15:26:16 | [151/405] Midlands 5 West (South) (2021-2022) -> updated=32/32
2026-09-03 15:26:33 | [153/405] National League 2 South (2021-2022) -> updated=1/1
2026-09-03 15:26:41 | [154/405] Counties 3 Tribute Devon South & West (2024-2025) -> updated=8/77
2026-09-03 15:26:48 | [155/405] North Premier (2021-2022) -> updated=2/2
2026-09-03 15:26:57 | [156/405] Counties 4 Tribute Somerset South (2024-2025) -> updated=13/13
2026-09-03 15:27:06 | [157/405] North One East (2021-2022) -> updated=6/6
2026-09-03 15:27:15 | [158/405] Counties 2 Tribute Ale Berks/Bucks & Oxon West (2025-2026) -> updated=12/12
2026-09-03 15:27:21 | [159/405] Counties 2 Tribute Dorset & Wilts South (2022-2023) -> updated=5/5
2026-09-03 15:27:31 | [160/405] Counties 2 Surrey (2022-2023) -> updated=14/14
2026-09-03 15:27:38 | [161/405] Counties 3 Hampshire (2024-2025) -> updated=8/8
2026-09-03 15:27:47 | [162/405] Counties 4 Kent (2024-2025) -> updated=12/12
2026-09-03 15:27:54 | [163/405] Tribute Western Counties North (2021-2022) -> updated=2/2
2026-09-03 15:28:01 | [164/405] Durham/Northumberland Two (2021-2022) -> updated=4/4
2026-09-03 15:28:09 | [165/405] Counties 3 Hampshire (2025-2026) -> updated=8/8
2026-09-03 15:28:17 | [166/405] Counties 2 Midlands East (South) (2024-2025) -> updated=6/6
2026-09-03 15:28:23 | [167/405] Durham/Northumberland Three North (2021-2022) -> updated=3/4
2026-09-03 15:28:31 | [168/405] Counties 2 Midlands East (South) (2025-2026) -> updated=10/11
2026-09-03 15:28:37 | [169/405] Counties 4 Yorkshire South (2025-2026) -> updated=5/5
2026-09-03 15:28:42 | [170/405] Counties 2 Essex (Phase 2) (2022-2023) -> updated=1/1
2026-09-03 15:28:49 | [171/405] Counties 3 Tribute Devon North & East (2024-2025) -> updated=4/76
2026-09-03 15:28:57 | [172/405] Counties 3 Tribute Dorset & Wilts Central (2022-2023) -> updated=12/12
2026-09-03 15:29:06 | [173/405] Counties 3 Tribute Devon West (2022-2023) -> updated=11/11
2026-09-03 15:29:14 | [174/405] Counties 2 Midlands West (North) (2022-2023) -> updated=7/7
2026-09-03 15:29:21 | [175/405] Counties 2 Tribute Berks/Bucks & Oxon North (2024-2025) -> updated=5/5
2026-09-03 15:29:32 | [177/405] Yorkshire Four Shield (2021-2022) -> updated=2/2
2026-09-03 15:29:39 | [178/405] Allianz Premier 15s (2021-2022) -> updated=1/1
2026-09-03 15:29:47 | [179/405] Counties 5 Kent (2024-2025) -> updated=7/7
2026-09-03 15:29:54 | [180/405] Regional 2 Tribute South Central (2022-2023) -> updated=3/3
2026-09-03 15:30:00 | [181/405] Counties 5 Kent (2023-2024) -> updated=4/4
2026-09-03 15:30:10 | [182/405] Counties 3 Midlands East (N) East (2022-2023) -> updated=13/13
2026-09-03 15:30:19 | [183/405] Counties 3 Tribute Gloucestershire North (2024-2025) -> updated=9/9
2026-09-03 15:30:27 | [184/405] Counties 2 Sussex (2024-2025) -> updated=11/11
2026-09-03 15:30:36 | [185/405] Counties 1 Tribute Southern South (2022-2023) -> updated=10/10
2026-09-03 15:30:45 | [186/405] Counties 1 Tribute Southern North (2024-2025) -> updated=5/6
2026-09-03 15:30:58 | [188/405] Counties 1 Tribute Western West (2022-2023) -> updated=2/2
2026-09-03 15:31:10 | [189/405] Counties 2 Tribute Cornwall (2022-2023) -> updated=20/20
2026-09-03 15:31:17 | [190/405] Counties 3 Tribute Cornwall (2022-2023) -> updated=5/5
2026-09-03 15:31:24 | [191/405] Counties 2 Tribute Devon (2022-2023) -> updated=2/4
2026-09-03 15:31:33 | [192/405] Counties 3 Tribute Devon East (2022-2023) -> updated=11/11
2026-09-03 15:31:42 | [193/405] Counties 3 Tribute Gloucestershire North (2022-2023) -> updated=9/9
2026-09-03 15:31:52 | [194/405] Counties 4 Tribute Gloucestershire South (2022-2023) -> updated=13/14
2026-09-03 15:31:59 | [195/405] Counties 1 Eastern Counties (2023-2024) -> updated=7/7
2026-09-03 15:32:06 | [196/405] Counties 2 Tribute Somerset (2022-2023) -> updated=3/3
2026-09-03 15:32:16 | [197/405] Counties 4 Surrey (2022-2023) -> updated=14/15
2026-09-03 15:32:23 | [198/405] Counties 2 Tribute Berks/Bucks & Oxon North (2022-2023) -> updated=3/5
2026-09-03 15:32:30 | [199/405] Counties 2 Eastern Counties (2024-2025) -> updated=3/3
2026-09-03 15:32:39 | [200/405] Counties 3 Midlands East (North East) (2024-2025) -> updated=10/10
2026-09-03 15:32:53 | [201/405] Counties 2 Tribute Berks/Bucks & Oxon South (2022-2023) -> updated=28/28
2026-09-03 15:32:59 | [202/405] Regional 2 North (2022-2023) -> updated=1/2
2026-09-03 15:33:06 | [203/405] Durham/Northumberland One (2021-2022) -> updated=3/3
2026-09-03 15:33:15 | [204/405] Counties 3 Tribute Berks Bucks & Oxon North (2022-2023) -> updated=12/12
2026-09-03 15:33:22 | [205/405] Counties 3 Tribute Dorset & Wilts North (2022-2023) -> updated=9/9
2026-09-03 15:33:28 | [206/405] Counties 3 Tribute Dorset & Wilts South (2022-2023) -> updated=4/4
2026-09-03 15:33:48 | [209/405] National League 2 West (2022-2023) -> updated=1/2
2026-09-03 15:33:56 | [210/405] Counties 4 Midlands West (North) (2023-2024) -> updated=5/5
2026-09-03 15:34:02 | [211/405] Counties 3 Tribute Cornwall (2024-2025) -> updated=6/6
2026-09-03 15:34:10 | [212/405] Regional 2 Anglia (2022-2023) -> updated=8/8
2026-09-03 15:34:17 | [213/405] Counties 2 Midlands West (West) (2023-2024) -> updated=4/4
2026-09-03 15:34:24 | [214/405] Counties 2 Midlands West (West) (2024-2025) -> updated=6/6
2026-09-03 15:34:36 | [216/405] Counties 1 Eastern Counties (2022-2023) -> updated=4/4
2026-09-03 15:34:45 | [217/405] Counties 3 Tribute Ale Berks Bucks & Oxon South (2025-2026) -> updated=10/10
2026-09-03 15:34:52 | [218/405] Counties 3 Herts/Middx (2023-2024) -> updated=9/9
2026-09-03 15:35:00 | [219/405] Counties 1 Essex (2022-2023) -> updated=7/7
2026-09-03 15:35:07 | [220/405] Counties 2 Essex (2022-2023) -> updated=6/8
2026-09-03 15:35:13 | [221/405] Counties 2 Essex Shield Pool A (2022-2023) -> updated=1/1
2026-09-03 15:35:23 | [222/405] Counties 3 Hampshire (2022-2023) -> updated=15/15
2026-09-03 15:35:29 | [223/405] Counties 1 Herts/Middx (2022-2023) -> updated=3/3
2026-09-03 15:35:35 | [224/405] Greene King IPA Eastern Counties 1 South (Salver) (2021-2022) -> updated=3/3
2026-09-03 15:35:41 | [225/405] Counties 3 Herts/Middx (2022-2023) -> updated=6/6
2026-09-03 15:35:49 | [226/405] Counties 1 Surrey/Sussex (2022-2023) -> updated=6/6
2026-09-03 15:35:55 | [227/405] Counties 3 adm Lancashire & Cheshire (2023-2024) -> updated=4/4
2026-09-03 15:36:01 | [228/405] Regional 2 North West (2022-2023) -> updated=1/1
2026-09-03 15:36:09 | [229/405] Counties 3 Surrey (2022-2023) -> updated=8/8
2026-09-03 15:36:16 | [230/405] Counties 4 adm Lancashire & Cheshire (2023-2024) -> updated=9/9
2026-09-03 15:36:23 | [231/405] Counties 2 Hampshire (2025-2026) -> updated=6/6
2026-09-03 15:36:33 | [232/405] Counties 5 Surrey (2022-2023) -> updated=14/14
2026-09-03 15:36:40 | [233/405] Counties 2 Sussex (2022-2023) -> updated=8/8
2026-09-03 15:36:46 | [234/405] Counties 2 Essex (North) (2023-2024) -> updated=4/4
2026-09-03 15:36:56 | [235/405] Counties 2 Tribute Ale Dorset & Wilts North (2025-2026) -> updated=14/16
2026-09-03 15:37:02 | [236/405] Regional 2 West Midlands (2022-2023) -> updated=1/1
2026-09-03 15:37:13 | [237/405] Counties 3 Durham & Northumberland (2023-2024) -> updated=14/14
2026-09-03 15:37:18 | [238/405] Regional 2 North Midlands (2022-2023) -> updated=1/1
2026-09-03 15:37:25 | [239/405] Regional 2 East Midlands (2022-2023) -> updated=3/6
2026-09-03 15:37:30 | [240/405] Counties 2 Eastern Counties (2025-2026) -> updated=2/3
2026-09-03 15:37:36 | [241/405] Counties 1 Midlands West (South) (2022-2023) -> updated=1/2
2026-09-03 15:37:44 | [242/405] Counties 3 Midlands West (East) (2024-2025) -> updated=11/11
2026-09-03 15:37:54 | [243/405] Counties 3 Midlands West (South) (2023-2024) -> updated=12/12
2026-09-03 15:38:00 | [244/405] Counties 1 Midlands East (North) (2022-2023) -> updated=4/4
2026-09-03 15:38:08 | [245/405] Counties 1 Midlands East (South) (2022-2023) -> updated=8/8
2026-09-03 15:38:18 | [246/405] Counties 3 Midlands West (North) (2022-2023) -> updated=13/13
2026-09-03 15:38:25 | [247/405] Counties 3 Midlands East (N) West (2022-2023) -> updated=5/7
2026-09-03 15:38:31 | [248/405] Regional 1 Midlands (2023-2024) -> updated=1/1
2026-09-03 15:38:38 | [249/405] Regional 1 Midlands (2024-2025) -> updated=3/3
2026-09-03 15:38:47 | [250/405] Counties 4 Surrey (2023-2024) -> updated=13/13
2026-09-03 15:38:53 | [251/405] Counties 3 Midlands East (South) (2022-2023) -> updated=4/4
2026-09-03 15:39:02 | [252/405] Counties 4 Midlands West (North) (2022-2023) -> updated=13/13
2026-09-03 15:39:10 | [253/405] Counties 4 Yorkshire (2023-2024) -> updated=8/8
2026-09-03 15:39:17 | [254/405] Counties 4 Midlands East (North West) (2025-2026) -> updated=8/9
2026-09-03 15:39:23 | [255/405] Regional 1 Tribute Ale South West (2025-2026) -> updated=3/3
2026-09-03 15:39:35 | [257/405] Counties 3 Midlands East (North West) (2024-2025) -> updated=6/7
2026-09-03 15:39:41 | [258/405] Counties 1 Durham & Northumberland (2023-2024) -> updated=1/1
2026-09-03 15:39:48 | [259/405] Counties 3 Tribute Ale Somerset North (2025-2026) -> updated=3/3
2026-09-03 15:39:56 | [260/405] Counties 1 Essex (2023-2024) -> updated=6/6
2026-09-03 15:40:03 | [261/405] Counties 1 Essex (2024-2025) -> updated=6/7
2026-09-03 15:40:12 | [262/405] Counties 4 Tribute Ale Somerset South (2025-2026) -> updated=12/15
2026-09-03 15:40:18 | [263/405] Counties 1 adm Lancashire & Cheshire (2022-2023) -> updated=2/2
2026-09-03 15:40:29 | [264/405] Counties 4 Midlands West (South) (2024-2025) -> updated=17/17
2026-09-03 15:40:35 | [265/405] Counties 3 adm Lancashire & Cheshire (2022-2023) -> updated=4/4
2026-09-03 15:40:45 | [266/405] Counties 3 Midlands West (East) (2025-2026) -> updated=14/14
2026-09-03 15:40:52 | [267/405] Counties 3 Tribute Ale Dorset & Wilts South (2025-2026) -> updated=7/7
2026-09-03 15:40:58 | [268/405] Counties 1 Cumbria (2022-2023) -> updated=3/4
2026-09-03 15:41:06 | [269/405] Cumbria Conference 2 (2022-2023) -> updated=9/9
2026-09-03 15:41:12 | [270/405] Cumbria Conference 1 (2022-2023) -> updated=4/4
2026-09-03 15:41:19 | [271/405] Counties 1 Durham & Northumberland (2022-2023) -> updated=1/1
2026-09-03 15:41:26 | [272/405] Counties 2 Durham & Northumberland (2022-2023) -> updated=5/5
2026-09-03 15:41:32 | [273/405] Counties 3 Durham & Northumberland (2022-2023) -> updated=3/3
2026-09-03 15:41:41 | [274/405] Counties 2 Yorkshire (2022-2023) -> updated=10/10
2026-09-03 15:41:48 | [275/405] Counties 1 Midlands East (South) (2025-2026) -> updated=2/2
2026-09-03 15:41:57 | [276/405] Counties 3 Tribute Gloucestershire South (2024-2025) -> updated=12/13
2026-09-03 15:42:03 | [277/405] Counties 1 Midlands West (North) (2023-2024) -> updated=2/2
2026-09-03 15:42:10 | [278/405] Regional 2 South Central (2023-2024) -> updated=1/1
2026-09-03 15:42:16 | [279/405] Regional 2 South East (2023-2024) -> updated=1/1
2026-09-03 15:42:26 | [280/405] Counties 2 Eastern Counties (2023-2024) -> updated=12/12
2026-09-03 15:42:31 | [281/405] Counties 1 Cumbria (2024-2025) -> updated=8/8
2026-09-03 15:42:38 | [282/405] Counties 3 Kent (2023-2024) -> updated=5/5
2026-09-03 15:42:44 | [283/405] Counties 1 Hampshire (2023-2024) -> updated=2/2
2026-09-03 15:42:54 | [284/405] Counties 4 Midlands West (East) (2025-2026) -> updated=19/20
2026-09-03 15:43:01 | [285/405] Counties 2 Herts/Middx (2023-2024) -> updated=6/6
2026-09-03 15:43:12 | [286/405] Counties 3 Tribute Berks Bucks & Oxon North (2024-2025) -> updated=16/16
2026-09-03 15:43:20 | [287/405] Counties 4 Tribute Somerset North (2024-2025) -> updated=9/9
2026-09-03 15:43:30 | [288/405] Counties 2 Surrey (2023-2024) -> updated=16/16
2026-09-03 15:43:37 | [289/405] Counties 3 Surrey (2023-2024) -> updated=4/4
2026-09-03 15:43:43 | [290/405] Regional 2 Tribute Ale Severn (2025-2026) -> updated=3/3
2026-09-03 15:43:48 | [291/405] Counties 5 Surrey (2023-2024) -> updated=8/8
2026-09-03 15:44:00 | [292/405] Counties 4 Tribute Ale Gloucestershire South (2025-2026) -> updated=21/21
2026-09-03 15:44:06 | [293/405] Counties 1 Midlands West (South) (2023-2024) -> updated=4/4
2026-09-03 15:44:13 | [294/405] Counties 1 Midlands East (North) (2023-2024) -> updated=5/5
2026-09-03 15:44:22 | [295/405] Counties 4 Midlands West (North) (2024-2025) -> updated=9/9
2026-09-03 15:44:28 | [296/405] Counties 2 Midlands East (South) (2023-2024) -> updated=3/3
2026-09-03 15:44:39 | [297/405] Counties 3 Midlands West (North) (2023-2024) -> updated=15/15
2026-09-03 15:44:48 | [298/405] Counties 2 Surrey (2025-2026) -> updated=12/13
2026-09-03 15:44:55 | [299/405] Counties 3 Midlands East (Central) (2023-2024) -> updated=5/5
2026-09-03 15:45:00 | [300/405] Counties 2 Sussex (2023-2024) -> updated=1/1
2026-09-03 15:45:07 | [301/405] Greene King IPA Eastern Counties 1 West (2021-2022) -> updated=4/4
2026-09-03 15:45:15 | [302/405] Counties 2 Durham & Northumberland (2023-2024) -> updated=7/7
2026-09-03 15:45:15 |   ! got status=202 len=0 on attempt 1, backing off 45.0s
2026-09-03 15:46:00 |   ! got status=202 len=0 on attempt 2, backing off 45.0s
2026-09-03 15:46:45 |   ! got status=202 len=0 on attempt 3, backing off 45.0s
2026-09-03 15:47:30 |   ! giving up on https://www.englandrugby.com/fixtures-and-results/search-results?competition=1623&season=2023-2024&division=47052 after 3 attempts
2026-09-03 15:47:32 | [303/405] FAILED to fetch Counties 1 Yorkshire (2023-2024)
2026-09-03 15:47:32 |   ! got status=202 len=0 on attempt 1, backing off 45.0s
2026-09-03 15:48:17 |   ! got status=202 len=0 on attempt 2, backing off 45.0s
2026-09-03 15:49:02 |   ! got status=202 len=0 on attempt 3, backing off 45.0s
2026-09-03 15:49:47 |   ! giving up on https://www.englandrugby.com/fixtures-and-results/search-results?competition=261&season=2024-2025&division=56616 after 3 attempts
2026-09-03 15:49:49 | [304/405] FAILED to fetch Counties 5 Surrey (2024-2025)
2026-09-03 15:49:49 |   ! got status=202 len=0 on attempt 1, backing off 45.0s
2026-09-03 15:50:40 | [305/405] Counties 2 Yorkshire (2023-2024) -> updated=2/2
2026-09-03 15:50:46 | [306/405] Counties 3 Yorkshire (2023-2024) -> updated=3/3
2026-09-03 15:50:54 | [307/405] Counties 2 Essex (2025-2026) -> updated=8/8
2026-09-03 15:50:59 | [308/405] Counties 4 Yorkshire (Phase 2) South (2023-2024) -> updated=2/2
2026-09-03 15:51:06 | [309/405] Counties 3 Herts/Middx (2024-2025) -> updated=5/5
2026-09-03 15:51:13 | [310/405] Regional 2 Tribute Severn (2024-2025) -> updated=3/3
2026-09-03 15:51:18 | [311/405] Counties 4 Midlands East (North East) (2025-2026) -> updated=4/4
2026-09-03 15:51:26 | [312/405] Counties 1 Tribute Western North (2024-2025) -> updated=5/6
2026-09-03 15:51:35 | [313/405] Counties 2 Tribute Cornwall (2024-2025) -> updated=9/9
2026-09-03 15:51:41 | [314/405] Counties 2 Tribute Devon (2024-2025) -> updated=1/93
2026-09-03 15:51:48 | [315/405] Counties 2 Tribute Ale Berks/Bucks & Oxon East (2025-2026) -> updated=6/7
2026-09-03 15:51:54 | [316/405] Counties 1 Essex (2025-2026) -> updated=3/3
2026-09-03 15:52:01 | [317/405] Counties 2 Tribute Gloucestershire South (2024-2025) -> updated=5/5
2026-09-03 15:52:09 | [318/405] Counties 4 Tribute Gloucestershire (2024-2025) -> updated=8/8
2026-09-03 15:52:16 | [319/405] Counties 3 Herts (2025-2026) -> updated=8/8
2026-09-03 15:52:25 | [320/405] Counties 2 Tribute Somerset (2024-2025) -> updated=9/9
2026-09-03 15:52:35 | [321/405] Counties 2 Tribute Berks/Bucks & Oxon South (2024-2025) -> updated=13/13
2026-09-03 15:52:41 | [322/405] Counties 1 Tribute Ale Southern South (2025-2026) -> updated=5/5
2026-09-03 15:52:49 | [323/405] Counties 3 Tribute Berks Bucks & Oxon South (2024-2025) -> updated=6/6
2026-09-03 15:52:56 | [324/405] Counties 4 Tribute Berks Bucks & Oxon Central (2024-2025) -> updated=8/8
2026-09-03 15:53:01 | [325/405] Counties 4 Tribute Berks Bucks & Oxon North (2024-2025) -> updated=2/2
2026-09-03 15:53:07 | [326/405] Counties 4 Tribute Berks Bucks & Oxon South (2024-2025) -> updated=4/4
2026-09-03 15:53:14 | [327/405] Counties 1 Tribute Ale Western North (2025-2026) -> updated=4/4
2026-09-03 15:53:23 | [328/405] Counties 2 Surrey (2024-2025) -> updated=13/13
2026-09-03 15:53:32 | [329/405] Counties 4 Yorkshire South (2024-2025) -> updated=11/11
2026-09-03 15:53:37 | [330/405] Counties 1 Midlands East (South) (2023-2024) -> updated=2/2
2026-09-03 15:53:47 | [331/405] Counties 3 Midlands West (South) (2024-2025) -> updated=14/14
2026-09-03 15:53:55 | [332/405] Counties 1 Kent (2024-2025) -> updated=8/8
2026-09-03 15:54:03 | [333/405] Counties 3 Kent (2024-2025) -> updated=7/7
2026-09-03 15:54:09 | [334/405] Counties 1 Hampshire (2024-2025) -> updated=3/3
2026-09-03 15:54:14 | [335/405] Counties 2 Hampshire (2024-2025) -> updated=2/2
2026-09-03 15:54:24 | [336/405] Counties 3 Tribute Ale Berks Bucks & Oxon North (2025-2026) -> updated=16/16
2026-09-03 15:54:36 | [338/405] Counties 3 Surrey (2024-2025) -> updated=5/5
2026-09-03 15:54:44 | [339/405] Counties 5 Surrey (2025-2026) -> updated=11/11
2026-09-03 15:54:49 | [340/405] Counties 4 Tribute Ale BBO4 Cup (2025-2026) -> updated=1/1
2026-09-03 15:54:57 | [341/405] Counties 4 Surrey (2024-2025) -> updated=10/10
2026-09-03 15:55:05 | [342/405] Counties 4 Tribute Ale Berks Bucks & Oxon South (2025-2026) -> updated=14/15
2026-09-03 15:55:12 | [343/405] Counties 1 Midlands East (South) (2024-2025) -> updated=1/2
2026-09-03 15:55:18 | [344/405] Regional 2 Midlands West (2024-2025) -> updated=2/2
2026-09-03 15:55:24 | [345/405] Counties 1 Midlands West (North) (2024-2025) -> updated=1/1
2026-09-03 15:55:31 | [346/405] Counties 1 Midlands East (North) (2024-2025) -> updated=3/3
2026-09-03 15:55:36 | [347/405] Counties 3 Tribute Ale Cornwall (2025-2026) -> updated=2/2
2026-09-03 15:55:43 | [348/405] Counties 3 Midlands West (North) (2024-2025) -> updated=7/7
2026-09-03 15:55:53 | [349/405] Counties 4 Yorkshire North (2025-2026) -> updated=15/16
2026-09-03 15:56:00 | [350/405] Counties 3 Midlands East (Central) (2024-2025) -> updated=7/7
2026-09-03 15:56:07 | [351/405] Yorkshire One (2021-2022) -> updated=1/1
2026-09-03 15:56:12 | [352/405] Counties 4 Yorkshire (Phase 2) North (2023-2024) -> updated=2/2
2026-09-03 15:56:18 | [353/405] Regional 2 North West (2024-2025) -> updated=1/1
2026-09-03 15:56:25 | [354/405] Counties 2 Durham & Northumberland (2024-2025) -> updated=2/2
2026-09-03 15:56:34 | [355/405] Counties 2 Yorkshire (2024-2025) -> updated=9/9
2026-09-03 15:56:40 | [356/405] Counties 1 Yorkshire (2024-2025) -> updated=3/3
2026-09-03 15:56:47 | [357/405] Counties 3 Yorkshire (2024-2025) -> updated=5/5
2026-09-03 15:56:53 | [358/405] Counties 3 Kent (2025-2026) -> updated=3/4
2026-09-03 15:56:59 | [359/405] Regional 2 Tribute Ale South West (2025-2026) -> updated=2/2
2026-09-03 15:57:06 | [360/405] Counties 2 Tribute Ale Cornwall (2025-2026) -> updated=4/4
2026-09-03 15:57:14 | [361/405] Counties 2 Tribute Devon (2025-2026) -> updated=9/9
2026-09-03 15:57:23 | [362/405] Counties 3 Tribute Ale Devon North & East (2025-2026) -> updated=13/13
2026-09-03 15:57:29 | [363/405] Counties 2 Tribute Ale Gloucestershire (2025-2026) -> updated=2/2
2026-09-03 15:57:35 | [364/405] Counties 3 Tribute Ale Gloucestershire South (2025-2026) -> updated=4/4
2026-09-03 15:57:40 | [365/405] Counties 4 Tribute Ale Gloucestershire North (2025-2026) -> updated=3/3
2026-09-03 15:57:47 | [366/405] Counties 3 Tribute Ale Somerset South (2025-2026) -> updated=7/7
2026-09-03 15:57:55 | [367/405] Counties 4 Tribute Ale Berks Bucks & Oxon North (2025-2026) -> updated=9/9
2026-09-03 15:57:59 | [368/405] Counties 4 Tribute Ale BBO4 Shield (2025-2026) -> updated=1/1
2026-09-03 15:58:08 | [369/405] Counties 3 Surrey (2025-2026) -> updated=13/13
2026-09-03 15:58:15 | [370/405] Counties 1 Eastern Counties (2025-2026) -> updated=6/6
2026-09-03 15:58:22 | [371/405] Counties 1 Kent (2023-2024) -> updated=2/2
2026-09-03 15:58:32 | [373/405] Counties 4 Kent (2025-2026) -> updated=2/2
2026-09-03 15:58:42 | [374/405] Counties 3 Midlands East (South North) (2025-2026) -> updated=16/16
2026-09-03 15:58:49 | [375/405] Counties 2 Middx (2025-2026) -> updated=6/6
2026-09-03 15:58:54 | [376/405] Counties 1 Surrey/Sussex (2025-2026) -> updated=1/1
2026-09-03 15:58:59 | [377/405] Counties 2 Middx - Phase 2 Shield (2025-2026) -> updated=4/4
2026-09-03 15:59:08 | [378/405] Counties 4 Surrey (2025-2026) -> updated=11/11
2026-09-03 15:59:13 | [379/405] Counties 2 Sussex (2025-2026) -> updated=3/3
2026-09-03 15:59:20 | [380/405] Counties 1 Midlands East (North) (2025-2026) -> updated=3/3
2026-09-03 15:59:25 | [381/405] Counties 1 Midlands West (South) (2025-2026) -> updated=1/1
2026-09-03 15:59:31 | [382/405] Counties 2 Midlands West (East) (2025-2026) -> updated=3/3
2026-09-03 15:59:36 | [383/405] Counties 2 Midlands West (West) (2025-2026) -> updated=1/1
2026-09-03 15:59:42 | [384/405] Counties 3 Midlands East (South South) (2025-2026) -> updated=3/3
2026-09-03 15:59:50 | [385/405] Counties 3 Midlands West (North) (2025-2026) -> updated=8/8
2026-09-03 15:59:56 | [386/405] Counties 3 Midlands West (South) (2025-2026) -> updated=4/5
2026-09-03 16:00:03 | [387/405] Counties 4 Midlands West (North) (2025-2026) -> updated=6/7
2026-09-03 16:00:08 | [388/405] Counties 3 adm Lancashire & Cheshire Major Conference (2025-2026) -> updated=1/1
2026-09-03 16:00:13 | [389/405] Counties 3 adm Lancashire & Cheshire Minor Conference (2025-2026) -> updated=2/2
2026-09-03 16:00:16 | [390/405] Regional 2 North East (2025-2026) -> updated=1/1
2026-09-03 16:00:21 | [391/405] Counties 1 adm Lancashire & Cheshire (2025-2026) -> updated=1/1
2026-09-03 16:00:26 | [392/405] Counties 2 adm Lancashire & Cheshire (2025-2026) -> updated=1/1
2026-09-03 16:00:33 | [393/405] Counties 3 adm Lancashire & Cheshire (2025-2026) -> updated=4/5
2026-09-03 16:00:38 | [394/405] Counties 1 Durham & Northumberland (2025-2026) -> updated=1/1
2026-09-03 16:00:44 | [395/405] Counties 2 Durham & Northumberland (2025-2026) -> updated=3/3
2026-09-03 16:00:49 | [396/405] Yorkshire Four SE (2021-2022) -> updated=2/2
2026-09-03 16:00:54 | [397/405] Counties 2 Yorkshire (2025-2026) -> updated=1/1
2026-09-03 16:01:01 | [398/405] Counties 3 Yorkshire (2025-2026) -> updated=3/3
2026-09-03 16:01:13 | [400/405] Cumbria One (2021-2022) -> updated=1/1
2026-09-03 16:01:20 | [401/405] Counties 1 Tribute Southern South (2024-2025) -> updated=1/1
2026-09-03 16:01:25 | [402/405] London 1 South (2021-2022) -> updated=1/1
2026-09-03 16:01:31 | [403/405] Regional 2 North East (2023-2024) -> updated=1/1
2026-09-03 16:01:36 | [404/405] C3HM Trophy (2022-2023) -> updated=1/1
2026-09-03 16:01:48 | [405/405] Counties 3 Tribute Ale Devon South & West (2025-2026) -> updated=17/17
2026-09-03 16:01:48 | === Done. Divisions processed=403, failed=2. Fixtures updated=2803, still genuinely scheduled/postponed=434, no crawl match=8 ===
